2025-04-04 05:17:46.840678 - Received CBT.V508.FILE161.PDS from FILE161.XMI 
2025-04-04 05:17:46.850193 - Found $$PROSE.txt (text/plain) in CBT.V508.FILE161.PDS, moved to PDS/$$PROSE
2025-04-04 05:17:46.850343 - Found $$ZDOC.txt (text/plain) in CBT.V508.FILE161.PDS, moved to PDS/$$ZDOC
2025-04-04 05:17:46.850477 - Found $TOOL#C.txt (text/plain) in CBT.V508.FILE161.PDS, moved to PDS/$TOOL#C
2025-04-04 05:17:46.850606 - Found $TOOL#P.txt (text/plain) in CBT.V508.FILE161.PDS, moved to PDS/$TOOL#P
2025-04-04 05:17:46.850731 - Found @FILE161.txt (text/plain) in CBT.V508.FILE161.PDS, moved to PDS/@FILE161
2025-04-04 05:17:46.850845 - Found @PNL#CI.txt (text/plain) in CBT.V508.FILE161.PDS, moved to PDS/@PNL#CI
2025-04-04 05:17:46.850976 - Found @PNL#PA.txt (text/plain) in CBT.V508.FILE161.PDS, moved to PDS/@PNL#PA
2025-04-04 05:17:46.851121 - Found @PNL#PI.txt (text/plain) in CBT.V508.FILE161.PDS, moved to PDS/@PNL#PI
2025-04-04 05:17:46.851233 - Found @PNL#PK.txt (text/plain) in CBT.V508.FILE161.PDS, moved to PDS/@PNL#PK
2025-04-04 05:17:46.851346 - Found @PNL#PM.txt (text/plain) in CBT.V508.FILE161.PDS, moved to PDS/@PNL#PM
2025-04-04 05:17:46.851462 - Found @PNL#PN.txt (text/plain) in CBT.V508.FILE161.PDS, moved to PDS/@PNL#PN
2025-04-04 05:17:46.851575 - Found @PNL#PS.txt (text/plain) in CBT.V508.FILE161.PDS, moved to PDS/@PNL#PS
2025-04-04 05:17:46.851694 - Found @PNL#PV.txt (text/plain) in CBT.V508.FILE161.PDS, moved to PDS/@PNL#PV
2025-04-04 05:17:46.851833 - Found @PNL#PX.txt (text/plain) in CBT.V508.FILE161.PDS, moved to PDS/@PNL#PX
2025-04-04 05:17:46.851983 - Found ABND#C.txt (text/plain) in CBT.V508.FILE161.PDS, moved to PDS/ABND#C
2025-04-04 05:17:46.852130 - Found ABND#P.txt (text/plain) in CBT.V508.FILE161.PDS, moved to PDS/ABND#P
2025-04-04 05:17:46.852272 - Found ABND#S.txt (text/plain) in CBT.V508.FILE161.PDS, moved to PDS/ABND#S
2025-04-04 05:17:46.852399 - Found ACC#APP.txt (text/plain) in CBT.V508.FILE161.PDS, moved to PDS/ACC#APP
2025-04-04 05:17:46.852537 - Found ACC#DC.txt (text/plain) in CBT.V508.FILE161.PDS, moved to PDS/ACC#DC
2025-04-04 05:17:46.852664 - Found ACC#DP.txt (text/plain) in CBT.V508.FILE161.PDS, moved to PDS/ACC#DP
2025-04-04 05:17:46.852785 - Found ACC#GC.txt (text/plain) in CBT.V508.FILE161.PDS, moved to PDS/ACC#GC
2025-04-04 05:17:46.852918 - Found ACC#GP.txt (text/plain) in CBT.V508.FILE161.PDS, moved to PDS/ACC#GP
2025-04-04 05:17:46.853041 - Found ACC#LC.txt (text/plain) in CBT.V508.FILE161.PDS, moved to PDS/ACC#LC
2025-04-04 05:17:46.853157 - Found ACC#LP.txt (text/plain) in CBT.V508.FILE161.PDS, moved to PDS/ACC#LP
2025-04-04 05:17:46.853309 - Found ACC#MC.txt (text/plain) in CBT.V508.FILE161.PDS, moved to PDS/ACC#MC
2025-04-04 05:17:46.853418 - Found ACC#MP.txt (text/plain) in CBT.V508.FILE161.PDS, moved to PDS/ACC#MP
2025-04-04 05:17:46.853541 - Found ACC#MPA.txt (text/plain) in CBT.V508.FILE161.PDS, moved to PDS/ACC#MPA
2025-04-04 05:17:46.853651 - Found ACC#MPB.txt (text/plain) in CBT.V508.FILE161.PDS, moved to PDS/ACC#MPB
2025-04-04 05:17:46.853758 - Found ACC#MSB.jcl (text/plain) in CBT.V508.FILE161.PDS, moved to PDS/ACC#MSB
2025-04-04 05:17:46.853870 - Found ACC#NC.txt (text/plain) in CBT.V508.FILE161.PDS, moved to PDS/ACC#NC
2025-04-04 05:17:46.853988 - Found ACC#NP.txt (text/plain) in CBT.V508.FILE161.PDS, moved to PDS/ACC#NP
2025-04-04 05:17:46.854110 - Found ACC#NPA.txt (text/plain) in CBT.V508.FILE161.PDS, moved to PDS/ACC#NPA
2025-04-04 05:17:46.854228 - Found ACC#NPB.txt (text/plain) in CBT.V508.FILE161.PDS, moved to PDS/ACC#NPB
2025-04-04 05:17:46.854338 - Found ACC#NSB.jcl (text/plain) in CBT.V508.FILE161.PDS, moved to PDS/ACC#NSB
2025-04-04 05:17:46.854449 - Found ACC#P.txt (text/plain) in CBT.V508.FILE161.PDS, moved to PDS/ACC#P
2025-04-04 05:17:46.854568 - Found ACC#1C.txt (text/plain) in CBT.V508.FILE161.PDS, moved to PDS/ACC#1C
2025-04-04 05:17:46.854673 - Found ACC#1P.txt (text/plain) in CBT.V508.FILE161.PDS, moved to PDS/ACC#1P
2025-04-04 05:17:46.854779 - Found ACC#1PA.txt (text/plain) in CBT.V508.FILE161.PDS, moved to PDS/ACC#1PA
2025-04-04 05:17:46.854908 - Found ACC#1PB.txt (text/plain) in CBT.V508.FILE161.PDS, moved to PDS/ACC#1PB
2025-04-04 05:17:46.855017 - Found ACC#1PC.txt (text/plain) in CBT.V508.FILE161.PDS, moved to PDS/ACC#1PC
2025-04-04 05:17:46.855140 - Found ACC#1SA.jcl (text/plain) in CBT.V508.FILE161.PDS, moved to PDS/ACC#1SA
2025-04-04 05:17:46.855250 - Found ACC#1SB.jcl (text/plain) in CBT.V508.FILE161.PDS, moved to PDS/ACC#1SB
2025-04-04 05:17:46.855374 - Found ACC#1SC.jcl (text/plain) in CBT.V508.FILE161.PDS, moved to PDS/ACC#1SC
2025-04-04 05:17:46.855486 - Found ACC#2C.txt (text/plain) in CBT.V508.FILE161.PDS, moved to PDS/ACC#2C
2025-04-04 05:17:46.855597 - Found ACC#2P.txt (text/plain) in CBT.V508.FILE161.PDS, moved to PDS/ACC#2P
2025-04-04 05:17:46.855713 - Found ACC#2PA.txt (text/plain) in CBT.V508.FILE161.PDS, moved to PDS/ACC#2PA
2025-04-04 05:17:46.855821 - Found ACC#2PB.txt (text/plain) in CBT.V508.FILE161.PDS, moved to PDS/ACC#2PB
2025-04-04 05:17:46.855923 - Found ACC#2PC.txt (text/plain) in CBT.V508.FILE161.PDS, moved to PDS/ACC#2PC
2025-04-04 05:17:46.856029 - Found ACC#2SA.jcl (text/plain) in CBT.V508.FILE161.PDS, moved to PDS/ACC#2SA
2025-04-04 05:17:46.856149 - Found ACC#2SB.jcl (text/plain) in CBT.V508.FILE161.PDS, moved to PDS/ACC#2SB
2025-04-04 05:17:46.856273 - Found ACC#2SC.jcl (text/plain) in CBT.V508.FILE161.PDS, moved to PDS/ACC#2SC
2025-04-04 05:17:46.856383 - Found ACC#3C.txt (text/plain) in CBT.V508.FILE161.PDS, moved to PDS/ACC#3C
2025-04-04 05:17:46.856498 - Found ACC#3P.txt (text/plain) in CBT.V508.FILE161.PDS, moved to PDS/ACC#3P
2025-04-04 05:17:46.856617 - Found ACC#3PA.txt (text/plain) in CBT.V508.FILE161.PDS, moved to PDS/ACC#3PA
2025-04-04 05:17:46.856741 - Found ACC#3PB.txt (text/plain) in CBT.V508.FILE161.PDS, moved to PDS/ACC#3PB
2025-04-04 05:17:46.856862 - Found ACC#3PC.txt (text/plain) in CBT.V508.FILE161.PDS, moved to PDS/ACC#3PC
2025-04-04 05:17:46.856982 - Found ACC#3PV.txt (text/plain) in CBT.V508.FILE161.PDS, moved to PDS/ACC#3PV
2025-04-04 05:17:46.857104 - Found ACC#3SA.jcl (text/plain) in CBT.V508.FILE161.PDS, moved to PDS/ACC#3SA
2025-04-04 05:17:46.857230 - Found ACC#3SB.jcl (text/plain) in CBT.V508.FILE161.PDS, moved to PDS/ACC#3SB
2025-04-04 05:17:46.857364 - Found ACC#3SC.jcl (text/plain) in CBT.V508.FILE161.PDS, moved to PDS/ACC#3SC
2025-04-04 05:17:46.857497 - Found ACC#4C.txt (text/plain) in CBT.V508.FILE161.PDS, moved to PDS/ACC#4C
2025-04-04 05:17:46.857619 - Found ACC#4P.txt (text/plain) in CBT.V508.FILE161.PDS, moved to PDS/ACC#4P
2025-04-04 05:17:46.857741 - Found ACC#5C.txt (text/plain) in CBT.V508.FILE161.PDS, moved to PDS/ACC#5C
2025-04-04 05:17:46.857847 - Found ACC#5P.txt (text/plain) in CBT.V508.FILE161.PDS, moved to PDS/ACC#5P
2025-04-04 05:17:46.858168 - Found ACC#5PV.txt (text/plain) in CBT.V508.FILE161.PDS, moved to PDS/ACC#5PV
2025-04-04 05:17:46.858336 - Found ACC#6C.txt (text/plain) in CBT.V508.FILE161.PDS, moved to PDS/ACC#6C
2025-04-04 05:17:46.858476 - Found ACC#6P.txt (text/plain) in CBT.V508.FILE161.PDS, moved to PDS/ACC#6P
2025-04-04 05:17:46.858599 - Found ACC#7C.txt (text/plain) in CBT.V508.FILE161.PDS, moved to PDS/ACC#7C
2025-04-04 05:17:46.858722 - Found ACC#7P.txt (text/plain) in CBT.V508.FILE161.PDS, moved to PDS/ACC#7P
2025-04-04 05:17:46.858835 - Found ACC#7PV.txt (text/plain) in CBT.V508.FILE161.PDS, moved to PDS/ACC#7PV
2025-04-04 05:17:46.858945 - Found ACC#8C.txt (text/plain) in CBT.V508.FILE161.PDS, moved to PDS/ACC#8C
2025-04-04 05:17:46.859054 - Found ACC#8P.txt (text/plain) in CBT.V508.FILE161.PDS, moved to PDS/ACC#8P
2025-04-04 05:17:46.859160 - Found ACC#9C.txt (text/plain) in CBT.V508.FILE161.PDS, moved to PDS/ACC#9C
2025-04-04 05:17:46.859270 - Found ACC#9P.txt (text/plain) in CBT.V508.FILE161.PDS, moved to PDS/ACC#9P
2025-04-04 05:17:46.859396 - Found ADM#CC.txt (text/plain) in CBT.V508.FILE161.PDS, moved to PDS/ADM#CC
2025-04-04 05:17:46.859508 - Found ADM#C0.txt (text/plain) in CBT.V508.FILE161.PDS, moved to PDS/ADM#C0
2025-04-04 05:17:46.859632 - Found ADM#C1.txt (text/plain) in CBT.V508.FILE161.PDS, moved to PDS/ADM#C1
2025-04-04 05:17:46.859746 - Found ADM#C2.txt (text/plain) in CBT.V508.FILE161.PDS, moved to PDS/ADM#C2
2025-04-04 05:17:46.859853 - Found ADM#C3.txt (text/plain) in CBT.V508.FILE161.PDS, moved to PDS/ADM#C3
2025-04-04 05:17:46.859962 - Found ADM#C4.txt (text/plain) in CBT.V508.FILE161.PDS, moved to PDS/ADM#C4
2025-04-04 05:17:46.860069 - Found ADM#C5.txt (text/plain) in CBT.V508.FILE161.PDS, moved to PDS/ADM#C5
2025-04-04 05:17:46.860176 - Found ADM#C6.txt (text/plain) in CBT.V508.FILE161.PDS, moved to PDS/ADM#C6
2025-04-04 05:17:46.860281 - Found ADM#C7.txt (text/plain) in CBT.V508.FILE161.PDS, moved to PDS/ADM#C7
2025-04-04 05:17:46.860404 - Found ADM#C8.txt (text/plain) in CBT.V508.FILE161.PDS, moved to PDS/ADM#C8
2025-04-04 05:17:46.860514 - Found ADM#C9.txt (text/plain) in CBT.V508.FILE161.PDS, moved to PDS/ADM#C9
2025-04-04 05:17:46.860638 - Found ADM#P.txt (text/plain) in CBT.V508.FILE161.PDS, moved to PDS/ADM#P
2025-04-04 05:17:46.860746 - Found ADM#PT0.txt (text/plain) in CBT.V508.FILE161.PDS, moved to PDS/ADM#PT0
2025-04-04 05:17:46.860855 - Found ADM#PT1.txt (text/plain) in CBT.V508.FILE161.PDS, moved to PDS/ADM#PT1
2025-04-04 05:17:46.860963 - Found ADM#PT2.txt (text/plain) in CBT.V508.FILE161.PDS, moved to PDS/ADM#PT2
2025-04-04 05:17:46.861074 - Found ADM#PT3.txt (text/plain) in CBT.V508.FILE161.PDS, moved to PDS/ADM#PT3
2025-04-04 05:17:46.861179 - Found ADM#PT4.txt (text/plain) in CBT.V508.FILE161.PDS, moved to PDS/ADM#PT4
2025-04-04 05:17:46.861285 - Found ADM#P1.txt (text/plain) in CBT.V508.FILE161.PDS, moved to PDS/ADM#P1
2025-04-04 05:17:46.861392 - Found ADM#P1A.txt (text/plain) in CBT.V508.FILE161.PDS, moved to PDS/ADM#P1A
2025-04-04 05:17:46.861501 - Found AMB#C.txt (text/plain) in CBT.V508.FILE161.PDS, moved to PDS/AMB#C
2025-04-04 05:17:46.861624 - Found AMB#P.txt (text/plain) in CBT.V508.FILE161.PDS, moved to PDS/AMB#P
2025-04-04 05:17:46.861734 - Found AMB#S1.txt (text/plain) in CBT.V508.FILE161.PDS, moved to PDS/AMB#S1
2025-04-04 05:17:46.861842 - Found ASMH#C.txt (text/plain) in CBT.V508.FILE161.PDS, moved to PDS/ASMH#C
2025-04-04 05:17:46.861962 - Found ASMH#P.txt (text/plain) in CBT.V508.FILE161.PDS, moved to PDS/ASMH#P
2025-04-04 05:17:46.862069 - Found CAL#C.txt (text/plain) in CBT.V508.FILE161.PDS, moved to PDS/CAL#C
2025-04-04 05:17:46.862178 - Found CAL#P.txt (text/plain) in CBT.V508.FILE161.PDS, moved to PDS/CAL#P
2025-04-04 05:17:46.862287 - Found CALC#C.txt (text/plain) in CBT.V508.FILE161.PDS, moved to PDS/CALC#C
2025-04-04 05:17:46.862488 - Found CALEND#C.rexx (text/plain) in CBT.V508.FILE161.PDS, moved to PDS/CALEND#C
2025-04-04 05:17:46.862603 - Found CMD#CB.txt (text/plain) in CBT.V508.FILE161.PDS, moved to PDS/CMD#CB
2025-04-04 05:17:46.862709 - Found CMD#PB.txt (text/plain) in CBT.V508.FILE161.PDS, moved to PDS/CMD#PB
2025-04-04 05:17:46.862830 - Found CMD#SB.txt (text/plain) in CBT.V508.FILE161.PDS, moved to PDS/CMD#SB
2025-04-04 05:17:46.862937 - Found CNTI#C.txt (text/plain) in CBT.V508.FILE161.PDS, moved to PDS/CNTI#C
2025-04-04 05:17:46.863044 - Found CNTI#P.txt (text/plain) in CBT.V508.FILE161.PDS, moved to PDS/CNTI#P
2025-04-04 05:17:46.863153 - Found COBMVS#C.txt (text/plain) in CBT.V508.FILE161.PDS, moved to PDS/COBMVS#C
2025-04-04 05:17:46.863281 - Found COBMVS#P.txt (text/plain) in CBT.V508.FILE161.PDS, moved to PDS/COBMVS#P
2025-04-04 05:17:46.863386 - Found COBOL#C.txt (text/plain) in CBT.V508.FILE161.PDS, moved to PDS/COBOL#C
2025-04-04 05:17:46.863490 - Found COBOL#P.txt (text/plain) in CBT.V508.FILE161.PDS, moved to PDS/COBOL#P
2025-04-04 05:17:46.863602 - Found COB2#C.txt (text/plain) in CBT.V508.FILE161.PDS, moved to PDS/COB2#C
2025-04-04 05:17:46.863725 - Found COB2#P.txt (text/plain) in CBT.V508.FILE161.PDS, moved to PDS/COB2#P
2025-04-04 05:17:46.863831 - Found COMPR#C.txt (text/plain) in CBT.V508.FILE161.PDS, moved to PDS/COMPR#C
2025-04-04 05:17:46.863944 - Found COMPR#P.txt (text/plain) in CBT.V508.FILE161.PDS, moved to PDS/COMPR#P
2025-04-04 05:17:46.864065 - Found COPYS#C.txt (text/plain) in CBT.V508.FILE161.PDS, moved to PDS/COPYS#C
2025-04-04 05:17:46.864173 - Found COPYS#P.txt (text/plain) in CBT.V508.FILE161.PDS, moved to PDS/COPYS#P
2025-04-04 05:17:46.864279 - Found COUNT#C.txt (text/plain) in CBT.V508.FILE161.PDS, moved to PDS/COUNT#C
2025-04-04 05:17:46.864386 - Found COUNT#P.txt (text/plain) in CBT.V508.FILE161.PDS, moved to PDS/COUNT#P
2025-04-04 05:17:46.864505 - Found COUNTI.txt (text/plain) in CBT.V508.FILE161.PDS, moved to PDS/COUNTI
2025-04-04 05:17:46.864612 - Found CUTC01.txt (text/plain) in CBT.V508.FILE161.PDS, moved to PDS/CUTC01
2025-04-04 05:17:46.864740 - Found CUTC02.txt (text/plain) in CBT.V508.FILE161.PDS, moved to PDS/CUTC02
2025-04-04 05:17:46.864846 - Found CUTDOC.txt (text/plain) in CBT.V508.FILE161.PDS, moved to PDS/CUTDOC
2025-04-04 05:17:46.864952 - Found CUTD01.txt (text/plain) in CBT.V508.FILE161.PDS, moved to PDS/CUTD01
2025-04-04 05:17:46.865070 - Found CUTD02.txt (text/plain) in CBT.V508.FILE161.PDS, moved to PDS/CUTD02
2025-04-04 05:17:46.865177 - Found CUTH01.txt (text/plain) in CBT.V508.FILE161.PDS, moved to PDS/CUTH01
2025-04-04 05:17:46.865283 - Found CUTH02.txt (text/plain) in CBT.V508.FILE161.PDS, moved to PDS/CUTH02
2025-04-04 05:17:46.865387 - Found CUTJ01.jcl (text/plain) in CBT.V508.FILE161.PDS, moved to PDS/CUTJ01
2025-04-04 05:17:46.865495 - Found CUTJ02.jcl (text/plain) in CBT.V508.FILE161.PDS, moved to PDS/CUTJ02
2025-04-04 05:17:46.865610 - Found CUTL01.txt (text/plain) in CBT.V508.FILE161.PDS, moved to PDS/CUTL01
2025-04-04 05:17:46.865720 - Found CUTL02.txt (text/plain) in CBT.V508.FILE161.PDS, moved to PDS/CUTL02
2025-04-04 05:17:46.865833 - Found CVD#C.txt (text/plain) in CBT.V508.FILE161.PDS, moved to PDS/CVD#C
2025-04-04 05:17:46.865959 - Found CVD#P.txt (text/plain) in CBT.V508.FILE161.PDS, moved to PDS/CVD#P
2025-04-04 05:17:46.866074 - Found CVDI#C.txt (text/plain) in CBT.V508.FILE161.PDS, moved to PDS/CVDI#C
2025-04-04 05:17:46.866199 - Found CVDI#P.txt (text/plain) in CBT.V508.FILE161.PDS, moved to PDS/CVDI#P
2025-04-04 05:17:46.866316 - Found CVDISPF.txt (text/plain) in CBT.V508.FILE161.PDS, moved to PDS/CVDISPF
2025-04-04 05:17:46.866434 - Found CVDISPF$.txt (text/plain) in CBT.V508.FILE161.PDS, moved to PDS/CVDISPF$
2025-04-04 05:17:46.866540 - Found CVX#C.txt (text/plain) in CBT.V508.FILE161.PDS, moved to PDS/CVX#C
2025-04-04 05:17:46.866644 - Found CVX#P.txt (text/plain) in CBT.V508.FILE161.PDS, moved to PDS/CVX#P
2025-04-04 05:17:46.866748 - Found CVXI#C.txt (text/plain) in CBT.V508.FILE161.PDS, moved to PDS/CVXI#C
2025-04-04 05:17:46.866862 - Found CVXI#P.txt (text/plain) in CBT.V508.FILE161.PDS, moved to PDS/CVXI#P
2025-04-04 05:17:46.866983 - Found CVXISPF.txt (text/plain) in CBT.V508.FILE161.PDS, moved to PDS/CVXISPF
2025-04-04 05:17:46.867106 - Found CVXISPF$.txt (text/plain) in CBT.V508.FILE161.PDS, moved to PDS/CVXISPF$
2025-04-04 05:17:46.867212 - Found DATE#C.txt (text/plain) in CBT.V508.FILE161.PDS, moved to PDS/DATE#C
2025-04-04 05:17:46.867319 - Found DEFA#C.txt (text/plain) in CBT.V508.FILE161.PDS, moved to PDS/DEFA#C
2025-04-04 05:17:46.867424 - Found DEFA#P.txt (text/plain) in CBT.V508.FILE161.PDS, moved to PDS/DEFA#P
2025-04-04 05:17:46.867533 - Found DEFA#S.txt (text/plain) in CBT.V508.FILE161.PDS, moved to PDS/DEFA#S
2025-04-04 05:17:46.867636 - Found DELA#C.txt (text/plain) in CBT.V508.FILE161.PDS, moved to PDS/DELA#C
2025-04-04 05:17:46.867741 - Found DELA#P.txt (text/plain) in CBT.V508.FILE161.PDS, moved to PDS/DELA#P
2025-04-04 05:17:46.867847 - Found DELA#S.txt (text/plain) in CBT.V508.FILE161.PDS, moved to PDS/DELA#S
2025-04-04 05:17:46.867985 - Found EDITMAC.txt (text/plain) in CBT.V508.FILE161.PDS, moved to PDS/EDITMAC
2025-04-04 05:17:46.868107 - Found FORT#C.txt (text/plain) in CBT.V508.FILE161.PDS, moved to PDS/FORT#C
2025-04-04 05:17:46.868214 - Found FORT#P.txt (text/plain) in CBT.V508.FILE161.PDS, moved to PDS/FORT#P
2025-04-04 05:17:46.868326 - Found FORT#S.txt (text/plain) in CBT.V508.FILE161.PDS, moved to PDS/FORT#S
2025-04-04 05:17:46.868434 - Found FORTX#C.txt (text/plain) in CBT.V508.FILE161.PDS, moved to PDS/FORTX#C
2025-04-04 05:17:46.868539 - Found FORTX#P.txt (text/plain) in CBT.V508.FILE161.PDS, moved to PDS/FORTX#P
2025-04-04 05:17:46.868645 - Found FORTX#S.txt (text/plain) in CBT.V508.FILE161.PDS, moved to PDS/FORTX#S
2025-04-04 05:17:46.868758 - Found FREEA#C.txt (text/plain) in CBT.V508.FILE161.PDS, moved to PDS/FREEA#C
2025-04-04 05:17:46.868909 - Found HLASM.txt (text/plain) in CBT.V508.FILE161.PDS, moved to PDS/HLASM
2025-04-04 05:17:46.869015 - Found HLASM$.txt (text/plain) in CBT.V508.FILE161.PDS, moved to PDS/HLASM$
2025-04-04 05:17:46.869142 - Found HLASM#C.txt (text/plain) in CBT.V508.FILE161.PDS, moved to PDS/HLASM#C
2025-04-04 05:17:46.869250 - Found HLASM#P.txt (text/plain) in CBT.V508.FILE161.PDS, moved to PDS/HLASM#P
2025-04-04 05:17:46.869356 - Found IDT#C.txt (text/plain) in CBT.V508.FILE161.PDS, moved to PDS/IDT#C
2025-04-04 05:17:46.869520 - Found IDT#C0.txt (text/plain) in CBT.V508.FILE161.PDS, moved to PDS/IDT#C0
2025-04-04 05:17:46.869625 - Found IDT#C1.txt (text/plain) in CBT.V508.FILE161.PDS, moved to PDS/IDT#C1
2025-04-04 05:17:46.869734 - Found IDT#C2.txt (text/plain) in CBT.V508.FILE161.PDS, moved to PDS/IDT#C2
2025-04-04 05:17:46.869841 - Found IDT#C3.txt (text/plain) in CBT.V508.FILE161.PDS, moved to PDS/IDT#C3
2025-04-04 05:17:46.869951 - Found IDT#C4.txt (text/plain) in CBT.V508.FILE161.PDS, moved to PDS/IDT#C4
2025-04-04 05:17:46.870058 - Found IDT#C5.txt (text/plain) in CBT.V508.FILE161.PDS, moved to PDS/IDT#C5
2025-04-04 05:17:46.870161 - Found IDT#C6.txt (text/plain) in CBT.V508.FILE161.PDS, moved to PDS/IDT#C6
2025-04-04 05:17:46.870283 - Found IDT#C7.txt (text/plain) in CBT.V508.FILE161.PDS, moved to PDS/IDT#C7
2025-04-04 05:17:46.870391 - Found IDT#C8.txt (text/plain) in CBT.V508.FILE161.PDS, moved to PDS/IDT#C8
2025-04-04 05:17:46.870514 - Found IDT#P.txt (text/plain) in CBT.V508.FILE161.PDS, moved to PDS/IDT#P
2025-04-04 05:17:46.870624 - Found IDT#PT.txt (text/plain) in CBT.V508.FILE161.PDS, moved to PDS/IDT#PT
2025-04-04 05:17:46.870734 - Found IDT#PTIA.txt (text/plain) in CBT.V508.FILE161.PDS, moved to PDS/IDT#PTIA
2025-04-04 05:17:46.870845 - Found IDT#PTIB.txt (text/plain) in CBT.V508.FILE161.PDS, moved to PDS/IDT#PTIB
2025-04-04 05:17:46.870950 - Found IDT#PTIC.txt (text/plain) in CBT.V508.FILE161.PDS, moved to PDS/IDT#PTIC
2025-04-04 05:17:46.871058 - Found IDT#PTID.txt (text/plain) in CBT.V508.FILE161.PDS, moved to PDS/IDT#PTID
2025-04-04 05:17:46.871165 - Found IDT#PTIE.txt (text/plain) in CBT.V508.FILE161.PDS, moved to PDS/IDT#PTIE
2025-04-04 05:17:46.871282 - Found IDT#PTJ.txt (text/plain) in CBT.V508.FILE161.PDS, moved to PDS/IDT#PTJ
2025-04-04 05:17:46.871389 - Found IDT#PTJA.txt (text/plain) in CBT.V508.FILE161.PDS, moved to PDS/IDT#PTJA
2025-04-04 05:17:46.871504 - Found IDT#PTJB.txt (text/plain) in CBT.V508.FILE161.PDS, moved to PDS/IDT#PTJB
2025-04-04 05:17:46.871608 - Found IDT#PTJC.txt (text/plain) in CBT.V508.FILE161.PDS, moved to PDS/IDT#PTJC
2025-04-04 05:17:46.871728 - Found IDT#PTJD.txt (text/plain) in CBT.V508.FILE161.PDS, moved to PDS/IDT#PTJD
2025-04-04 05:17:46.871833 - Found IDT#PTJE.txt (text/plain) in CBT.V508.FILE161.PDS, moved to PDS/IDT#PTJE
2025-04-04 05:17:46.871936 - Found IDT#PTNA.txt (text/plain) in CBT.V508.FILE161.PDS, moved to PDS/IDT#PTNA
2025-04-04 05:17:46.872041 - Found IDT#PTNB.txt (text/plain) in CBT.V508.FILE161.PDS, moved to PDS/IDT#PTNB
2025-04-04 05:17:46.872150 - Found IDT#PTNC.txt (text/plain) in CBT.V508.FILE161.PDS, moved to PDS/IDT#PTNC
2025-04-04 05:17:46.872255 - Found IDT#PTND.txt (text/plain) in CBT.V508.FILE161.PDS, moved to PDS/IDT#PTND
2025-04-04 05:17:46.872377 - Found IDT#PTNE.txt (text/plain) in CBT.V508.FILE161.PDS, moved to PDS/IDT#PTNE
2025-04-04 05:17:46.872482 - Found IDT#PTNF.txt (text/plain) in CBT.V508.FILE161.PDS, moved to PDS/IDT#PTNF
2025-04-04 05:17:46.872588 - Found IDT#PTNG.txt (text/plain) in CBT.V508.FILE161.PDS, moved to PDS/IDT#PTNG
2025-04-04 05:17:46.872707 - Found IDT#PTNH.txt (text/plain) in CBT.V508.FILE161.PDS, moved to PDS/IDT#PTNH
2025-04-04 05:17:46.872811 - Found IDT#PTNI.txt (text/plain) in CBT.V508.FILE161.PDS, moved to PDS/IDT#PTNI
2025-04-04 05:17:46.872922 - Found IDT#PTNJ.txt (text/plain) in CBT.V508.FILE161.PDS, moved to PDS/IDT#PTNJ
2025-04-04 05:17:46.873032 - Found IDT#PTNK.txt (text/plain) in CBT.V508.FILE161.PDS, moved to PDS/IDT#PTNK
2025-04-04 05:17:46.873137 - Found IDT#PTNL.txt (text/plain) in CBT.V508.FILE161.PDS, moved to PDS/IDT#PTNL
2025-04-04 05:17:46.873245 - Found IDT#PTNM.txt (text/plain) in CBT.V508.FILE161.PDS, moved to PDS/IDT#PTNM
2025-04-04 05:17:46.873362 - Found IDT#PTRA.txt (text/plain) in CBT.V508.FILE161.PDS, moved to PDS/IDT#PTRA
2025-04-04 05:17:46.873472 - Found IDT#PTRB.txt (text/plain) in CBT.V508.FILE161.PDS, moved to PDS/IDT#PTRB
2025-04-04 05:17:46.873596 - Found IDT#PTRC.txt (text/plain) in CBT.V508.FILE161.PDS, moved to PDS/IDT#PTRC
2025-04-04 05:17:46.873703 - Found IDT#PTRD.txt (text/plain) in CBT.V508.FILE161.PDS, moved to PDS/IDT#PTRD
2025-04-04 05:17:46.873810 - Found IDT#PTRE.txt (text/plain) in CBT.V508.FILE161.PDS, moved to PDS/IDT#PTRE
2025-04-04 05:17:46.873918 - Found IDT#PTRF.txt (text/plain) in CBT.V508.FILE161.PDS, moved to PDS/IDT#PTRF
2025-04-04 05:17:46.874025 - Found IDT#PTRG.txt (text/plain) in CBT.V508.FILE161.PDS, moved to PDS/IDT#PTRG
2025-04-04 05:17:46.874128 - Found IDT#PTRH.txt (text/plain) in CBT.V508.FILE161.PDS, moved to PDS/IDT#PTRH
2025-04-04 05:17:46.874236 - Found IDT#PTRI.txt (text/plain) in CBT.V508.FILE161.PDS, moved to PDS/IDT#PTRI
2025-04-04 05:17:46.874346 - Found IDT#PTRJ.txt (text/plain) in CBT.V508.FILE161.PDS, moved to PDS/IDT#PTRJ
2025-04-04 05:17:46.874461 - Found IDT#PTRK.txt (text/plain) in CBT.V508.FILE161.PDS, moved to PDS/IDT#PTRK
2025-04-04 05:17:46.874568 - Found IDT#PTRL.txt (text/plain) in CBT.V508.FILE161.PDS, moved to PDS/IDT#PTRL
2025-04-04 05:17:46.874681 - Found IDT#PTXA.txt (text/plain) in CBT.V508.FILE161.PDS, moved to PDS/IDT#PTXA
2025-04-04 05:17:46.874793 - Found IDT#PTXB.txt (text/plain) in CBT.V508.FILE161.PDS, moved to PDS/IDT#PTXB
2025-04-04 05:17:46.874897 - Found IDT#PTXC.txt (text/plain) in CBT.V508.FILE161.PDS, moved to PDS/IDT#PTXC
2025-04-04 05:17:46.875005 - Found IDT#PTXD.txt (text/plain) in CBT.V508.FILE161.PDS, moved to PDS/IDT#PTXD
2025-04-04 05:17:46.875114 - Found IDT#PTXE.txt (text/plain) in CBT.V508.FILE161.PDS, moved to PDS/IDT#PTXE
2025-04-04 05:17:46.875224 - Found IDT#PTXF.txt (text/plain) in CBT.V508.FILE161.PDS, moved to PDS/IDT#PTXF
2025-04-04 05:17:46.875330 - Found IDT#PTXG.txt (text/plain) in CBT.V508.FILE161.PDS, moved to PDS/IDT#PTXG
2025-04-04 05:17:46.875443 - Found IDT#PTXH.txt (text/plain) in CBT.V508.FILE161.PDS, moved to PDS/IDT#PTXH
2025-04-04 05:17:46.875564 - Found IDT#PTXI.txt (text/plain) in CBT.V508.FILE161.PDS, moved to PDS/IDT#PTXI
2025-04-04 05:17:46.875683 - Found IDT#PTXJ.txt (text/plain) in CBT.V508.FILE161.PDS, moved to PDS/IDT#PTXJ
2025-04-04 05:17:46.875789 - Found IDT#PTXK.txt (text/plain) in CBT.V508.FILE161.PDS, moved to PDS/IDT#PTXK
2025-04-04 05:17:46.875893 - Found IDT#PTXL.txt (text/plain) in CBT.V508.FILE161.PDS, moved to PDS/IDT#PTXL
2025-04-04 05:17:46.875997 - Found IDT#PTXM.txt (text/plain) in CBT.V508.FILE161.PDS, moved to PDS/IDT#PTXM
2025-04-04 05:17:46.876099 - Found IDT#PTXN.txt (text/plain) in CBT.V508.FILE161.PDS, moved to PDS/IDT#PTXN
2025-04-04 05:17:46.876202 - Found IDT#PTXO.txt (text/plain) in CBT.V508.FILE161.PDS, moved to PDS/IDT#PTXO
2025-04-04 05:17:46.876307 - Found IDT#PTXP.txt (text/plain) in CBT.V508.FILE161.PDS, moved to PDS/IDT#PTXP
2025-04-04 05:17:46.876419 - Found IDT#PTXQ.txt (text/plain) in CBT.V508.FILE161.PDS, moved to PDS/IDT#PTXQ
2025-04-04 05:17:46.876525 - Found IDT#PTXR.txt (text/plain) in CBT.V508.FILE161.PDS, moved to PDS/IDT#PTXR
2025-04-04 05:17:46.876640 - Found IDT#PT1A.txt (text/plain) in CBT.V508.FILE161.PDS, moved to PDS/IDT#PT1A
2025-04-04 05:17:46.876766 - Found IDT#PT2A.txt (text/plain) in CBT.V508.FILE161.PDS, moved to PDS/IDT#PT2A
2025-04-04 05:17:46.876881 - Found IDT#PT2B.txt (text/plain) in CBT.V508.FILE161.PDS, moved to PDS/IDT#PT2B
2025-04-04 05:17:46.877014 - Found IDT#P0.txt (text/plain) in CBT.V508.FILE161.PDS, moved to PDS/IDT#P0
2025-04-04 05:17:46.877131 - Found IDT#P1.txt (text/plain) in CBT.V508.FILE161.PDS, moved to PDS/IDT#P1
2025-04-04 05:17:46.877248 - Found IDT#P2.txt (text/plain) in CBT.V508.FILE161.PDS, moved to PDS/IDT#P2
2025-04-04 05:17:46.877358 - Found IDT#P3.txt (text/plain) in CBT.V508.FILE161.PDS, moved to PDS/IDT#P3
2025-04-04 05:17:46.877474 - Found IDT#P4.txt (text/plain) in CBT.V508.FILE161.PDS, moved to PDS/IDT#P4
2025-04-04 05:17:46.877616 - Found IDT#P5.txt (text/plain) in CBT.V508.FILE161.PDS, moved to PDS/IDT#P5
2025-04-04 05:17:46.877747 - Found IDT#P7.txt (text/plain) in CBT.V508.FILE161.PDS, moved to PDS/IDT#P7
2025-04-04 05:17:46.877882 - Found IDT#P8.txt (text/plain) in CBT.V508.FILE161.PDS, moved to PDS/IDT#P8
2025-04-04 05:17:46.878030 - Found ISG@MSTR.txt (text/plain) in CBT.V508.FILE161.PDS, moved to PDS/ISG@MSTR
2025-04-04 05:17:46.878203 - Found ISR@PRIM.txt (text/plain) in CBT.V508.FILE161.PDS, moved to PDS/ISR@PRIM
2025-04-04 05:17:46.878347 - Found JUL#C.txt (text/plain) in CBT.V508.FILE161.PDS, moved to PDS/JUL#C
2025-04-04 05:17:46.878502 - Found JUL#P.txt (text/plain) in CBT.V508.FILE161.PDS, moved to PDS/JUL#P
2025-04-04 05:17:46.878694 - Found JULISPF.txt (text/plain) in CBT.V508.FILE161.PDS, moved to PDS/JULISPF
2025-04-04 05:17:46.878839 - Found JULISPF$.txt (text/plain) in CBT.V508.FILE161.PDS, moved to PDS/JULISPF$
2025-04-04 05:17:46.878985 - Found LASTI#C.txt (text/plain) in CBT.V508.FILE161.PDS, moved to PDS/LASTI#C
2025-04-04 05:17:46.879125 - Found LASTI#P.txt (text/plain) in CBT.V508.FILE161.PDS, moved to PDS/LASTI#P
2025-04-04 05:17:46.879281 - Found LASTIPL.txt (text/plain) in CBT.V508.FILE161.PDS, moved to PDS/LASTIPL
2025-04-04 05:17:46.879429 - Found LASTIPL$.txt (text/plain) in CBT.V508.FILE161.PDS, moved to PDS/LASTIPL$
2025-04-04 05:17:46.879569 - Found LISTC#C.txt (text/plain) in CBT.V508.FILE161.PDS, moved to PDS/LISTC#C
2025-04-04 05:17:46.879724 - Found LISTC#P.txt (text/plain) in CBT.V508.FILE161.PDS, moved to PDS/LISTC#P
2025-04-04 05:17:46.879874 - Found LISTC#S.txt (text/plain) in CBT.V508.FILE161.PDS, moved to PDS/LISTC#S
2025-04-04 05:17:46.880013 - Found LM#C.txt (text/plain) in CBT.V508.FILE161.PDS, moved to PDS/LM#C
2025-04-04 05:17:46.880167 - Found LM#P.txt (text/plain) in CBT.V508.FILE161.PDS, moved to PDS/LM#P
2025-04-04 05:17:46.880305 - Found MEMB#C.txt (text/plain) in CBT.V508.FILE161.PDS, moved to PDS/MEMB#C
2025-04-04 05:17:46.880449 - Found MEMB#P.txt (text/plain) in CBT.V508.FILE161.PDS, moved to PDS/MEMB#P
2025-04-04 05:17:46.880589 - Found NEWS#C.txt (text/plain) in CBT.V508.FILE161.PDS, moved to PDS/NEWS#C
2025-04-04 05:17:46.880741 - Found NEWS#P.txt (text/plain) in CBT.V508.FILE161.PDS, moved to PDS/NEWS#P
2025-04-04 05:17:46.880885 - Found NEWS#S.txt (text/plain) in CBT.V508.FILE161.PDS, moved to PDS/NEWS#S
2025-04-04 05:17:46.881032 - Found NFLE#C.txt (text/plain) in CBT.V508.FILE161.PDS, moved to PDS/NFLE#C
2025-04-04 05:17:46.881178 - Found NFLE#PT.txt (text/plain) in CBT.V508.FILE161.PDS, moved to PDS/NFLE#PT
2025-04-04 05:17:46.881319 - Found NFLE#P1.txt (text/plain) in CBT.V508.FILE161.PDS, moved to PDS/NFLE#P1
2025-04-04 05:17:46.881451 - Found NFLE#S.txt (text/plain) in CBT.V508.FILE161.PDS, moved to PDS/NFLE#S
2025-04-04 05:17:46.881595 - Found NPRT#C.txt (text/plain) in CBT.V508.FILE161.PDS, moved to PDS/NPRT#C
2025-04-04 05:17:46.881739 - Found NPRT#PT.txt (text/plain) in CBT.V508.FILE161.PDS, moved to PDS/NPRT#PT
2025-04-04 05:17:46.881856 - Found NPRT#P1.txt (text/plain) in CBT.V508.FILE161.PDS, moved to PDS/NPRT#P1
2025-04-04 05:17:46.881981 - Found NPRT#S.txt (text/plain) in CBT.V508.FILE161.PDS, moved to PDS/NPRT#S
2025-04-04 05:17:46.882111 - Found NPUN#C.txt (text/plain) in CBT.V508.FILE161.PDS, moved to PDS/NPUN#C
2025-04-04 05:17:46.882251 - Found NPUN#PT.txt (text/plain) in CBT.V508.FILE161.PDS, moved to PDS/NPUN#PT
2025-04-04 05:17:46.882364 - Found NPUN#P1.txt (text/plain) in CBT.V508.FILE161.PDS, moved to PDS/NPUN#P1
2025-04-04 05:17:46.882479 - Found NPUN#S.txt (text/plain) in CBT.V508.FILE161.PDS, moved to PDS/NPUN#S
2025-04-04 05:17:46.882589 - Found NPUN00.txt (text/plain) in CBT.V508.FILE161.PDS, moved to PDS/NPUN00
2025-04-04 05:17:46.882710 - Found OBSL#C.txt (text/plain) in CBT.V508.FILE161.PDS, moved to PDS/OBSL#C
2025-04-04 05:17:46.882816 - Found OBSL#P.txt (text/plain) in CBT.V508.FILE161.PDS, moved to PDS/OBSL#P
2025-04-04 05:17:46.882922 - Found OMEG#C.txt (text/plain) in CBT.V508.FILE161.PDS, moved to PDS/OMEG#C
2025-04-04 05:17:46.883054 - Found OMEG#P.txt (text/plain) in CBT.V508.FILE161.PDS, moved to PDS/OMEG#P
2025-04-04 05:17:46.883169 - Found OMEG#S.txt (text/plain) in CBT.V508.FILE161.PDS, moved to PDS/OMEG#S
2025-04-04 05:17:46.883284 - Found PHIX#C.txt (text/plain) in CBT.V508.FILE161.PDS, moved to PDS/PHIX#C
2025-04-04 05:17:46.883409 - Found PRINT#C.txt (text/plain) in CBT.V508.FILE161.PDS, moved to PDS/PRINT#C
2025-04-04 05:17:46.883519 - Found PRINT#P.txt (text/plain) in CBT.V508.FILE161.PDS, moved to PDS/PRINT#P
2025-04-04 05:17:46.883639 - Found PRINT#S.txt (text/plain) in CBT.V508.FILE161.PDS, moved to PDS/PRINT#S
2025-04-04 05:17:46.883751 - Found PRT#C.txt (text/plain) in CBT.V508.FILE161.PDS, moved to PDS/PRT#C
2025-04-04 05:17:46.883859 - Found PRT#P.txt (text/plain) in CBT.V508.FILE161.PDS, moved to PDS/PRT#P
2025-04-04 05:17:46.883962 - Found SADSYSP.txt (text/plain) in CBT.V508.FILE161.PDS, moved to PDS/SADSYSP
2025-04-04 05:17:46.884068 - Found SADTSOP.txt (text/plain) in CBT.V508.FILE161.PDS, moved to PDS/SADTSOP
2025-04-04 05:17:46.884174 - Found SADUTLP.txt (text/plain) in CBT.V508.FILE161.PDS, moved to PDS/SADUTLP
2025-04-04 05:17:46.884285 - Found SEND#C.txt (text/plain) in CBT.V508.FILE161.PDS, moved to PDS/SEND#C
2025-04-04 05:17:46.884404 - Found SEND#P.txt (text/plain) in CBT.V508.FILE161.PDS, moved to PDS/SEND#P
2025-04-04 05:17:46.884516 - Found SLSS##PR.txt (text/plain) in CBT.V508.FILE161.PDS, moved to PDS/SLSS##PR
2025-04-04 05:17:46.884641 - Found SLSS#C.txt (text/plain) in CBT.V508.FILE161.PDS, moved to PDS/SLSS#C
2025-04-04 05:17:46.884748 - Found SLSS#P.txt (text/plain) in CBT.V508.FILE161.PDS, moved to PDS/SLSS#P
2025-04-04 05:17:46.884871 - Found SLSS#PA.txt (text/plain) in CBT.V508.FILE161.PDS, moved to PDS/SLSS#PA
2025-04-04 05:17:46.884986 - Found SLSS#PP.txt (text/plain) in CBT.V508.FILE161.PDS, moved to PDS/SLSS#PP
2025-04-04 05:17:46.885088 - Found SLSS#PS.txt (text/plain) in CBT.V508.FILE161.PDS, moved to PDS/SLSS#PS
2025-04-04 05:17:46.885195 - Found SLSS#PT1.txt (text/plain) in CBT.V508.FILE161.PDS, moved to PDS/SLSS#PT1
2025-04-04 05:17:46.885311 - Found SLSS#PT2.txt (text/plain) in CBT.V508.FILE161.PDS, moved to PDS/SLSS#PT2
2025-04-04 05:17:46.885433 - Found SLSS#SH.txt (text/plain) in CBT.V508.FILE161.PDS, moved to PDS/SLSS#SH
2025-04-04 05:17:46.885550 - Found SLSS#SP.txt (text/plain) in CBT.V508.FILE161.PDS, moved to PDS/SLSS#SP
2025-04-04 05:17:46.885658 - Found SLSS#SS.txt (text/plain) in CBT.V508.FILE161.PDS, moved to PDS/SLSS#SS
2025-04-04 05:17:46.885784 - Found SLSSPRT.txt (text/plain) in CBT.V508.FILE161.PDS, moved to PDS/SLSSPRT
2025-04-04 05:17:46.885888 - Found SLSSPRT$.txt (text/plain) in CBT.V508.FILE161.PDS, moved to PDS/SLSSPRT$
2025-04-04 05:17:46.885992 - Found SORT#C.txt (text/plain) in CBT.V508.FILE161.PDS, moved to PDS/SORT#C
2025-04-04 05:17:46.886097 - Found SORT#P.txt (text/plain) in CBT.V508.FILE161.PDS, moved to PDS/SORT#P
2025-04-04 05:17:46.886201 - Found SORT#S.txt (text/plain) in CBT.V508.FILE161.PDS, moved to PDS/SORT#S
2025-04-04 05:17:46.886314 - Found SORTLNK.txt (text/plain) in CBT.V508.FILE161.PDS, moved to PDS/SORTLNK
2025-04-04 05:17:46.886437 - Found SORTLNK$.jcl (text/plain) in CBT.V508.FILE161.PDS, moved to PDS/SORTLNK$
2025-04-04 05:17:46.886545 - Found TMS##PR.txt (text/plain) in CBT.V508.FILE161.PDS, moved to PDS/TMS##PR
2025-04-04 05:17:46.886656 - Found TMS#CMT.txt (text/plain) in CBT.V508.FILE161.PDS, moved to PDS/TMS#CMT
2025-04-04 05:17:46.886767 - Found TMS#CM1.txt (text/plain) in CBT.V508.FILE161.PDS, moved to PDS/TMS#CM1
2025-04-04 05:17:46.886874 - Found TMS#CM2.txt (text/plain) in CBT.V508.FILE161.PDS, moved to PDS/TMS#CM2
2025-04-04 05:17:46.886981 - Found TMS#CM3.txt (text/plain) in CBT.V508.FILE161.PDS, moved to PDS/TMS#CM3
2025-04-04 05:17:46.887088 - Found TMS#CM4.txt (text/plain) in CBT.V508.FILE161.PDS, moved to PDS/TMS#CM4
2025-04-04 05:17:46.887192 - Found TMS#PM.txt (text/plain) in CBT.V508.FILE161.PDS, moved to PDS/TMS#PM
2025-04-04 05:17:46.887302 - Found TMS#PM1.txt (text/plain) in CBT.V508.FILE161.PDS, moved to PDS/TMS#PM1
2025-04-04 05:17:46.887493 - Found TMS#PM2.txt (text/plain) in CBT.V508.FILE161.PDS, moved to PDS/TMS#PM2
2025-04-04 05:17:46.887641 - Found TMS#PM3.txt (text/plain) in CBT.V508.FILE161.PDS, moved to PDS/TMS#PM3
2025-04-04 05:17:46.887767 - Found TMS#PM4.txt (text/plain) in CBT.V508.FILE161.PDS, moved to PDS/TMS#PM4
2025-04-04 05:17:46.887886 - Found TMS#SM1.txt (text/plain) in CBT.V508.FILE161.PDS, moved to PDS/TMS#SM1
2025-04-04 05:17:46.888018 - Found TMS#SM2.txt (text/plain) in CBT.V508.FILE161.PDS, moved to PDS/TMS#SM2
2025-04-04 05:17:46.888130 - Found TMS#SM3.txt (text/plain) in CBT.V508.FILE161.PDS, moved to PDS/TMS#SM3
2025-04-04 05:17:46.888244 - Found TMS#SM4.txt (text/plain) in CBT.V508.FILE161.PDS, moved to PDS/TMS#SM4
2025-04-04 05:17:46.888355 - Found ULXDOC.txt (text/plain) in CBT.V508.FILE161.PDS, moved to PDS/ULXDOC
2025-04-04 05:17:46.888465 - Found ULXH02.txt (text/plain) in CBT.V508.FILE161.PDS, moved to PDS/ULXH02
2025-04-04 05:17:46.888579 - Found ULXJ01.jcl (text/plain) in CBT.V508.FILE161.PDS, moved to PDS/ULXJ01
2025-04-04 05:17:46.888714 - Found ULXL01.txt (text/plain) in CBT.V508.FILE161.PDS, moved to PDS/ULXL01
2025-04-04 05:17:46.888825 - Found ULXM01.txt (text/plain) in CBT.V508.FILE161.PDS, moved to PDS/ULXM01
2025-04-04 05:17:46.888934 - Found ULXP01.txt (text/plain) in CBT.V508.FILE161.PDS, moved to PDS/ULXP01
2025-04-04 05:17:46.889051 - Found ULXP02.txt (text/plain) in CBT.V508.FILE161.PDS, moved to PDS/ULXP02
2025-04-04 05:17:46.889160 - Found ULXP03.txt (text/plain) in CBT.V508.FILE161.PDS, moved to PDS/ULXP03
2025-04-04 05:17:46.889271 - Found USR#PT1.txt (text/plain) in CBT.V508.FILE161.PDS, moved to PDS/USR#PT1
2025-04-04 05:17:46.889385 - Found USR#PT2.txt (text/plain) in CBT.V508.FILE161.PDS, moved to PDS/USR#PT2
2025-04-04 05:17:46.889489 - Found USR#PT3.txt (text/plain) in CBT.V508.FILE161.PDS, moved to PDS/USR#PT3
2025-04-04 05:17:46.889599 - Found USR#PT4.txt (text/plain) in CBT.V508.FILE161.PDS, moved to PDS/USR#PT4
2025-04-04 05:17:46.889718 - Found USR#PT5.txt (text/plain) in CBT.V508.FILE161.PDS, moved to PDS/USR#PT5
2025-04-04 05:17:46.889825 - Found USRCMD.txt (text/plain) in CBT.V508.FILE161.PDS, moved to PDS/USRCMD
2025-04-04 05:17:46.889930 - Found VFORT#C.txt (text/plain) in CBT.V508.FILE161.PDS, moved to PDS/VFORT#C
2025-04-04 05:17:46.890051 - Found VFORT#P.txt (text/plain) in CBT.V508.FILE161.PDS, moved to PDS/VFORT#P
2025-04-04 05:17:46.890173 - Found XBE.txt (text/plain) in CBT.V508.FILE161.PDS, moved to PDS/XBE
2025-04-04 05:17:46.890282 - Found XBE$.jcl (text/plain) in CBT.V508.FILE161.PDS, moved to PDS/XBE$
2025-04-04 05:17:46.890393 - Found XBEDOC.txt (text/plain) in CBT.V508.FILE161.PDS, moved to PDS/XBEDOC
2025-04-04 05:17:46.890500 - Found ZAP#C.txt (text/plain) in CBT.V508.FILE161.PDS, moved to PDS/ZAP#C
2025-04-04 05:17:46.890610 - Found ZAP#P.txt (text/plain) in CBT.V508.FILE161.PDS, moved to PDS/ZAP#P
2025-04-04 05:17:46.890727 - Found ZAP#S.txt (text/plain) in CBT.V508.FILE161.PDS, moved to PDS/ZAP#S
